Analysis & Synthesis report for 5_estagios_PipeLine
Thu Nov 27 16:19:38 2025
Quartus Prime Version 24.1std.0 Build 1077 03/04/2025 SC Lite Edition


---------------------
; Table of Contents ;
---------------------
  1. Legal Notice
  2. Analysis & Synthesis Summary
  3. Analysis & Synthesis Settings
  4. Parallel Compilation
  5. Analysis & Synthesis Messages



----------------
; Legal Notice ;
----------------
Copyright (C) 2025  Altera Corporation. All rights reserved.
Your use of Altera Corporation's design tools, logic functions 
and other software and tools, and any partner logic 
functions, and any output files from any of the foregoing 
(including device programming or simulation files), and any 
associated documentation or information are expressly subject 
to the terms and conditions of the Altera Program License 
Subscription Agreement, the Altera Quartus Prime License Agreement,
the Altera IP License Agreement, or other applicable license
agreement, including, without limitation, that your use is for
the sole purpose of programming logic devices manufactured by
Altera and sold by Altera or its authorized distributors.  Please
refer to the Altera Software License Subscription Agreements 
on the Quartus Prime software download page.



+-------------------------------------------------------------------------------+
; Analysis & Synthesis Summary                                                  ;
+-----------------------------+-------------------------------------------------+
; Analysis & Synthesis Status ; Failed - Thu Nov 27 16:19:38 2025               ;
; Quartus Prime Version       ; 24.1std.0 Build 1077 03/04/2025 SC Lite Edition ;
; Revision Name               ; 5_estagios_PipeLine                             ;
; Top-level Entity Name       ; CPU                                             ;
; Family                      ; Cyclone V                                       ;
; Logic utilization (in ALMs) ; N/A until Partition Merge                       ;
; Total registers             ; N/A until Partition Merge                       ;
; Total pins                  ; N/A until Partition Merge                       ;
; Total virtual pins          ; N/A until Partition Merge                       ;
; Total block memory bits     ; N/A until Partition Merge                       ;
; Total PLLs                  ; N/A until Partition Merge                       ;
; Total DLLs                  ; N/A until Partition Merge                       ;
+-----------------------------+-------------------------------------------------+


+----------------------------------------------------------------------------------------------------------------------------+
; Analysis & Synthesis Settings                                                                                              ;
+---------------------------------------------------------------------------------+--------------------+---------------------+
; Option                                                                          ; Setting            ; Default Value       ;
+---------------------------------------------------------------------------------+--------------------+---------------------+
; Device                                                                          ; 5CGXFC7C7F23C8     ;                     ;
; Top-level entity name                                                           ; CPU                ; 5_estagios_PipeLine ;
; Family name                                                                     ; Cyclone V          ; Cyclone V           ;
; Use smart compilation                                                           ; Off                ; Off                 ;
; Enable parallel Assembler and Timing Analyzer during compilation                ; On                 ; On                  ;
; Enable compact report table                                                     ; Off                ; Off                 ;
; Restructure Multiplexers                                                        ; Auto               ; Auto                ;
; MLAB Add Timing Constraints For Mixed-Port Feed-Through Mode Setting Don't Care ; Off                ; Off                 ;
; Create Debugging Nodes for IP Cores                                             ; Off                ; Off                 ;
; Preserve fewer node names                                                       ; On                 ; On                  ;
; Intel FPGA IP Evaluation Mode                                                   ; Enable             ; Enable              ;
; Verilog Version                                                                 ; Verilog_2001       ; Verilog_2001        ;
; VHDL Version                                                                    ; VHDL_1993          ; VHDL_1993           ;
; State Machine Processing                                                        ; Auto               ; Auto                ;
; Safe State Machine                                                              ; Off                ; Off                 ;
; Extract Verilog State Machines                                                  ; On                 ; On                  ;
; Extract VHDL State Machines                                                     ; On                 ; On                  ;
; Ignore Verilog initial constructs                                               ; Off                ; Off                 ;
; Iteration limit for constant Verilog loops                                      ; 5000               ; 5000                ;
; Iteration limit for non-constant Verilog loops                                  ; 250                ; 250                 ;
; Add Pass-Through Logic to Inferred RAMs                                         ; On                 ; On                  ;
; Infer RAMs from Raw Logic                                                       ; On                 ; On                  ;
; Parallel Synthesis                                                              ; On                 ; On                  ;
; DSP Block Balancing                                                             ; Auto               ; Auto                ;
; NOT Gate Push-Back                                                              ; On                 ; On                  ;
; Power-Up Don't Care                                                             ; On                 ; On                  ;
; Remove Redundant Logic Cells                                                    ; Off                ; Off                 ;
; Remove Duplicate Registers                                                      ; On                 ; On                  ;
; Ignore CARRY Buffers                                                            ; Off                ; Off                 ;
; Ignore CASCADE Buffers                                                          ; Off                ; Off                 ;
; Ignore GLOBAL Buffers                                                           ; Off                ; Off                 ;
; Ignore ROW GLOBAL Buffers                                                       ; Off                ; Off                 ;
; Ignore LCELL Buffers                                                            ; Off                ; Off                 ;
; Ignore SOFT Buffers                                                             ; On                 ; On                  ;
; Limit AHDL Integers to 32 Bits                                                  ; Off                ; Off                 ;
; Optimization Technique                                                          ; Balanced           ; Balanced            ;
; Carry Chain Length                                                              ; 70                 ; 70                  ;
; Auto Carry Chains                                                               ; On                 ; On                  ;
; Auto Open-Drain Pins                                                            ; On                 ; On                  ;
; Perform WYSIWYG Primitive Resynthesis                                           ; Off                ; Off                 ;
; Auto ROM Replacement                                                            ; On                 ; On                  ;
; Auto RAM Replacement                                                            ; On                 ; On                  ;
; Auto DSP Block Replacement                                                      ; On                 ; On                  ;
; Auto Shift Register Replacement                                                 ; Auto               ; Auto                ;
; Allow Shift Register Merging across Hierarchies                                 ; Auto               ; Auto                ;
; Auto Clock Enable Replacement                                                   ; On                 ; On                  ;
; Strict RAM Replacement                                                          ; Off                ; Off                 ;
; Allow Synchronous Control Signals                                               ; On                 ; On                  ;
; Force Use of Synchronous Clear Signals                                          ; Off                ; Off                 ;
; Auto Resource Sharing                                                           ; Off                ; Off                 ;
; Allow Any RAM Size For Recognition                                              ; Off                ; Off                 ;
; Allow Any ROM Size For Recognition                                              ; Off                ; Off                 ;
; Allow Any Shift Register Size For Recognition                                   ; Off                ; Off                 ;
; Use LogicLock Constraints during Resource Balancing                             ; On                 ; On                  ;
; Ignore translate_off and synthesis_off directives                               ; Off                ; Off                 ;
; Timing-Driven Synthesis                                                         ; On                 ; On                  ;
; Report Parameter Settings                                                       ; On                 ; On                  ;
; Report Source Assignments                                                       ; On                 ; On                  ;
; Report Connectivity Checks                                                      ; On                 ; On                  ;
; Ignore Maximum Fan-Out Assignments                                              ; Off                ; Off                 ;
; Synchronization Register Chain Length                                           ; 3                  ; 3                   ;
; Power Optimization During Synthesis                                             ; Normal compilation ; Normal compilation  ;
; HDL message level                                                               ; Level2             ; Level2              ;
; Suppress Register Optimization Related Messages                                 ; Off                ; Off                 ;
; Number of Removed Registers Reported in Synthesis Report                        ; 5000               ; 5000                ;
; Number of Swept Nodes Reported in Synthesis Report                              ; 5000               ; 5000                ;
; Number of Inverted Registers Reported in Synthesis Report                       ; 100                ; 100                 ;
; Clock MUX Protection                                                            ; On                 ; On                  ;
; Auto Gated Clock Conversion                                                     ; Off                ; Off                 ;
; Block Design Naming                                                             ; Auto               ; Auto                ;
; SDC constraint protection                                                       ; Off                ; Off                 ;
; Synthesis Effort                                                                ; Auto               ; Auto                ;
; Shift Register Replacement - Allow Asynchronous Clear Signal                    ; On                 ; On                  ;
; Pre-Mapping Resynthesis Optimization                                            ; Off                ; Off                 ;
; Analysis & Synthesis Message Level                                              ; Medium             ; Medium              ;
; Disable Register Merging Across Hierarchies                                     ; Auto               ; Auto                ;
; Resource Aware Inference For Block RAM                                          ; On                 ; On                  ;
; Automatic Parallel Synthesis                                                    ; On                 ; On                  ;
; Partial Reconfiguration Bitstream ID                                            ; Off                ; Off                 ;
+---------------------------------------------------------------------------------+--------------------+---------------------+


+------------------------------------------+
; Parallel Compilation                     ;
+----------------------------+-------------+
; Processors                 ; Number      ;
+----------------------------+-------------+
; Number detected on machine ; 12          ;
; Maximum allowed            ; 6           ;
;                            ;             ;
; Average used               ; 1.00        ;
; Maximum used               ; 1           ;
;                            ;             ;
; Usage by Processor         ; % Time Used ;
;     Processor 1            ; 100.0%      ;
+----------------------------+-------------+


+-------------------------------+
; Analysis & Synthesis Messages ;
+-------------------------------+
Info: *******************************************************************
Info: Running Quartus Prime Analysis & Synthesis
    Info: Version 24.1std.0 Build 1077 03/04/2025 SC Lite Edition
    Info: Processing started: Thu Nov 27 16:19:26 2025
Info: Command: quartus_map --read_settings_files=on --write_settings_files=off 5_estagios_PipeLine -c 5_estagios_PipeLine
Warning (18236): Number of processors has not been specified which may cause overloading on shared machines.  Set the global assignment NUM_PARALLEL_PROCESSORS in your QSF to an appropriate value for best performance.
Info (20030): Parallel compilation is enabled and will use 6 of the 6 processors detected
Info (12021): Found 2 design units, including 1 entities, in source file regs_pipe/mem_wb.vhd
    Info (12022): Found design unit 1: MEM_WB-logica File: //wsl.localhost/Ubuntu-24.04/home/arnal/facul/5_estagios_PipeLine/Regs_pipe/MEM_WB.vhd Line: 20
    Info (12023): Found entity 1: MEM_WB File: //wsl.localhost/Ubuntu-24.04/home/arnal/facul/5_estagios_PipeLine/Regs_pipe/MEM_WB.vhd Line: 6
Info (12021): Found 2 design units, including 1 entities, in source file regs_pipe/if_id.vhd
    Info (12022): Found design unit 1: IF_ID-logica File: //wsl.localhost/Ubuntu-24.04/home/arnal/facul/5_estagios_PipeLine/Regs_pipe/IF_ID.vhd Line: 17
    Info (12023): Found entity 1: IF_ID File: //wsl.localhost/Ubuntu-24.04/home/arnal/facul/5_estagios_PipeLine/Regs_pipe/IF_ID.vhd Line: 6
Info (12021): Found 2 design units, including 1 entities, in source file regs_pipe/id_ex.vhd
    Info (12022): Found design unit 1: ID_EX-logica File: //wsl.localhost/Ubuntu-24.04/home/arnal/facul/5_estagios_PipeLine/Regs_pipe/ID_EX.vhd Line: 27
    Info (12023): Found entity 1: ID_EX File: //wsl.localhost/Ubuntu-24.04/home/arnal/facul/5_estagios_PipeLine/Regs_pipe/ID_EX.vhd Line: 6
Info (12021): Found 2 design units, including 1 entities, in source file regs_pipe/ex_mem.vhd
    Info (12022): Found design unit 1: EX_MEM-logica File: //wsl.localhost/Ubuntu-24.04/home/arnal/facul/5_estagios_PipeLine/Regs_pipe/EX_MEM.vhd Line: 20
    Info (12023): Found entity 1: EX_MEM File: //wsl.localhost/Ubuntu-24.04/home/arnal/facul/5_estagios_PipeLine/Regs_pipe/EX_MEM.vhd Line: 6
Info (12021): Found 1 design units, including 0 entities, in source file packages/cpu_package.vhd
    Info (12022): Found design unit 1: CPU_PACKAGE File: //wsl.localhost/Ubuntu-24.04/home/arnal/facul/5_estagios_PipeLine/packages/CPU_PACKAGE.vhd Line: 8
Info (12021): Found 2 design units, including 0 entities, in source file instrucao/instrucao.vhd
    Info (12022): Found design unit 1: instruc_type File: //wsl.localhost/Ubuntu-24.04/home/arnal/facul/5_estagios_PipeLine/instrucao/instrucao.vhd Line: 10
    Info (12022): Found design unit 2: instruc_type-body File: //wsl.localhost/Ubuntu-24.04/home/arnal/facul/5_estagios_PipeLine/instrucao/instrucao.vhd Line: 85
Info (12021): Found 2 design units, including 1 entities, in source file estagio_wb/estagio_wb.vhd
    Info (12022): Found design unit 1: estagio_WB-logica File: //wsl.localhost/Ubuntu-24.04/home/arnal/facul/5_estagios_PipeLine/Estagio_WB/estagio_WB.vhd Line: 22
    Info (12023): Found entity 1: estagio_WB File: //wsl.localhost/Ubuntu-24.04/home/arnal/facul/5_estagios_PipeLine/Estagio_WB/estagio_WB.vhd Line: 8
Info (12021): Found 2 design units, including 1 entities, in source file estagio_memoria/estagio_mem.vhd
    Info (12022): Found design unit 1: estagio_memoria-logica File: //wsl.localhost/Ubuntu-24.04/home/arnal/facul/5_estagios_PipeLine/Estagio_memoria/estagio_mem.vhd Line: 25
    Info (12023): Found entity 1: estagio_memoria File: //wsl.localhost/Ubuntu-24.04/home/arnal/facul/5_estagios_PipeLine/Estagio_memoria/estagio_mem.vhd Line: 7
Info (12021): Found 2 design units, including 1 entities, in source file estagio_fetch/estagio_fetch.vhd
    Info (12022): Found design unit 1: estagio_fetch-logica File: //wsl.localhost/Ubuntu-24.04/home/arnal/facul/5_estagios_PipeLine/Estagio_fetch/estagio_fetch.vhd Line: 24
    Info (12023): Found entity 1: estagio_fetch File: //wsl.localhost/Ubuntu-24.04/home/arnal/facul/5_estagios_PipeLine/Estagio_fetch/estagio_fetch.vhd Line: 7
Info (12021): Found 2 design units, including 1 entities, in source file estagio_exec/exec.vhd
    Info (12022): Found design unit 1: Exec-logica File: //wsl.localhost/Ubuntu-24.04/home/arnal/facul/5_estagios_PipeLine/Estagio_EXEC/Exec.vhd Line: 24
    Info (12023): Found entity 1: Exec File: //wsl.localhost/Ubuntu-24.04/home/arnal/facul/5_estagios_PipeLine/Estagio_EXEC/Exec.vhd Line: 9
Info (12021): Found 2 design units, including 1 entities, in source file estagio_decode/estagio_decode.vhd
    Info (12022): Found design unit 1: estagio_decode-logica File: //wsl.localhost/Ubuntu-24.04/home/arnal/facul/5_estagios_PipeLine/Estagio_decode/estagio_decode.vhd Line: 33
    Info (12023): Found entity 1: estagio_decode File: //wsl.localhost/Ubuntu-24.04/home/arnal/facul/5_estagios_PipeLine/Estagio_decode/estagio_decode.vhd Line: 9
Info (12021): Found 2 design units, including 1 entities, in source file componentes/ula.vhd
    Info (12022): Found design unit 1: ULA-LogicFunc File: //wsl.localhost/Ubuntu-24.04/home/arnal/facul/5_estagios_PipeLine/componentes/ULA.vhd Line: 14
    Info (12023): Found entity 1: ULA File: //wsl.localhost/Ubuntu-24.04/home/arnal/facul/5_estagios_PipeLine/componentes/ULA.vhd Line: 6
Info (12021): Found 2 design units, including 1 entities, in source file componentes/signalextend.vhd
    Info (12022): Found design unit 1: signalextend-logica File: //wsl.localhost/Ubuntu-24.04/home/arnal/facul/5_estagios_PipeLine/componentes/signalextend.vhd Line: 12
    Info (12023): Found entity 1: signalextend File: //wsl.localhost/Ubuntu-24.04/home/arnal/facul/5_estagios_PipeLine/componentes/signalextend.vhd Line: 5
Info (12021): Found 2 design units, including 1 entities, in source file componentes/shiftleft2.vhd
    Info (12022): Found design unit 1: shiftleft2-logica File: //wsl.localhost/Ubuntu-24.04/home/arnal/facul/5_estagios_PipeLine/componentes/shiftleft2.vhd Line: 12
    Info (12023): Found entity 1: shiftleft2 File: //wsl.localhost/Ubuntu-24.04/home/arnal/facul/5_estagios_PipeLine/componentes/shiftleft2.vhd Line: 5
Info (12021): Found 2 design units, including 1 entities, in source file componentes/shiftleft1.vhd
    Info (12022): Found design unit 1: shiftleft1-logica File: //wsl.localhost/Ubuntu-24.04/home/arnal/facul/5_estagios_PipeLine/componentes/shiftleft1.vhd Line: 11
    Info (12023): Found entity 1: shiftleft1 File: //wsl.localhost/Ubuntu-24.04/home/arnal/facul/5_estagios_PipeLine/componentes/shiftleft1.vhd Line: 5
Info (12021): Found 2 design units, including 1 entities, in source file componentes/mem_instu.vhd
    Info (12022): Found design unit 1: mem_instu-logica File: //wsl.localhost/Ubuntu-24.04/home/arnal/facul/5_estagios_PipeLine/componentes/mem_instu.vhd Line: 14
    Info (12023): Found entity 1: mem_instu File: //wsl.localhost/Ubuntu-24.04/home/arnal/facul/5_estagios_PipeLine/componentes/mem_instu.vhd Line: 5
Info (12021): Found 2 design units, including 1 entities, in source file componentes/mem.vhd
    Info (12022): Found design unit 1: MEM-logica File: //wsl.localhost/Ubuntu-24.04/home/arnal/facul/5_estagios_PipeLine/componentes/MEM.vhd Line: 17
    Info (12023): Found entity 1: MEM File: //wsl.localhost/Ubuntu-24.04/home/arnal/facul/5_estagios_PipeLine/componentes/MEM.vhd Line: 5
Info (12021): Found 2 design units, including 1 entities, in source file componentes/display.vhd
    Info (12022): Found design unit 1: Display-LogicFunc File: //wsl.localhost/Ubuntu-24.04/home/arnal/facul/5_estagios_PipeLine/componentes/Display.vhd Line: 9
    Info (12023): Found entity 1: Display File: //wsl.localhost/Ubuntu-24.04/home/arnal/facul/5_estagios_PipeLine/componentes/Display.vhd Line: 4
Info (12021): Found 2 design units, including 1 entities, in source file uc.vhd
    Info (12022): Found design unit 1: UC-logica File: //wsl.localhost/Ubuntu-24.04/home/arnal/facul/5_estagios_PipeLine/UC.vhd Line: 20
    Info (12023): Found entity 1: UC File: //wsl.localhost/Ubuntu-24.04/home/arnal/facul/5_estagios_PipeLine/UC.vhd Line: 6
Info (12021): Found 2 design units, including 1 entities, in source file cpu.vhd
    Info (12022): Found design unit 1: CPU-LOGICFUNC File: //wsl.localhost/Ubuntu-24.04/home/arnal/facul/5_estagios_PipeLine/CPU.vhd Line: 26
    Info (12023): Found entity 1: CPU File: //wsl.localhost/Ubuntu-24.04/home/arnal/facul/5_estagios_PipeLine/CPU.vhd Line: 9
Info (12021): Found 2 design units, including 0 entities, in source file componentes/tipos.vhd
    Info (12022): Found design unit 1: tipos File: //wsl.localhost/Ubuntu-24.04/home/arnal/facul/5_estagios_PipeLine/componentes/tipos.vhd Line: 4
    Info (12022): Found design unit 2: tipos-body File: //wsl.localhost/Ubuntu-24.04/home/arnal/facul/5_estagios_PipeLine/componentes/tipos.vhd Line: 9
Info (12021): Found 2 design units, including 1 entities, in source file componentes/reg4.vhd
    Info (12022): Found design unit 1: REG4-LogicFunc File: //wsl.localhost/Ubuntu-24.04/home/arnal/facul/5_estagios_PipeLine/componentes/REG4.vhd Line: 11
    Info (12023): Found entity 1: REG4 File: //wsl.localhost/Ubuntu-24.04/home/arnal/facul/5_estagios_PipeLine/componentes/REG4.vhd Line: 4
Info (12021): Found 2 design units, including 1 entities, in source file componentes/decode_subida.vhd
    Info (12022): Found design unit 1: Decode_subida-logica File: //wsl.localhost/Ubuntu-24.04/home/arnal/facul/5_estagios_PipeLine/componentes/Decode_subida.vhd Line: 13
    Info (12023): Found entity 1: Decode_subida File: //wsl.localhost/Ubuntu-24.04/home/arnal/facul/5_estagios_PipeLine/componentes/Decode_subida.vhd Line: 5
Info (12021): Found 2 design units, including 1 entities, in source file componentes/decode_descida.vhd
    Info (12022): Found design unit 1: Decode_descida-logica File: //wsl.localhost/Ubuntu-24.04/home/arnal/facul/5_estagios_PipeLine/componentes/Decode_descida.vhd Line: 13
    Info (12023): Found entity 1: Decode_descida File: //wsl.localhost/Ubuntu-24.04/home/arnal/facul/5_estagios_PipeLine/componentes/Decode_descida.vhd Line: 5
Info (12021): Found 2 design units, including 1 entities, in source file componentes/buffers.vhd
    Info (12022): Found design unit 1: BUFFERS-LogicFunc File: //wsl.localhost/Ubuntu-24.04/home/arnal/facul/5_estagios_PipeLine/componentes/Buffers.vhd Line: 11
    Info (12023): Found entity 1: BUFFERS File: //wsl.localhost/Ubuntu-24.04/home/arnal/facul/5_estagios_PipeLine/componentes/Buffers.vhd Line: 4
Info (12021): Found 2 design units, including 1 entities, in source file estagio_decode/banco_reg/banco_regs.vhd
    Info (12022): Found design unit 1: BANCO_REGS-logica File: //wsl.localhost/Ubuntu-24.04/home/arnal/facul/5_estagios_PipeLine/Estagio_decode/Banco_reg/Banco_regs.vhd Line: 28
    Info (12023): Found entity 1: BANCO_REGS File: //wsl.localhost/Ubuntu-24.04/home/arnal/facul/5_estagios_PipeLine/Estagio_decode/Banco_reg/Banco_regs.vhd Line: 16
Info (12127): Elaborating entity "CPU" for the top level hierarchy
Warning (10540): VHDL Signal Declaration warning at CPU.vhd(28): used explicit default value for signal "pc_if" because signal was never assigned a value File: //wsl.localhost/Ubuntu-24.04/home/arnal/facul/5_estagios_PipeLine/CPU.vhd Line: 28
Warning (10540): VHDL Signal Declaration warning at CPU.vhd(30): used explicit default value for signal "stall_ifid" because signal was never assigned a value File: //wsl.localhost/Ubuntu-24.04/home/arnal/facul/5_estagios_PipeLine/CPU.vhd Line: 30
Warning (10036): Verilog HDL or VHDL warning at CPU.vhd(32): object "pc_id" assigned a value but never read File: //wsl.localhost/Ubuntu-24.04/home/arnal/facul/5_estagios_PipeLine/CPU.vhd Line: 32
Warning (10036): Verilog HDL or VHDL warning at CPU.vhd(37): object "rd_add_idex" assigned a value but never read File: //wsl.localhost/Ubuntu-24.04/home/arnal/facul/5_estagios_PipeLine/CPU.vhd Line: 37
Warning (10036): Verilog HDL or VHDL warning at CPU.vhd(37): object "rt_add_idex" assigned a value but never read File: //wsl.localhost/Ubuntu-24.04/home/arnal/facul/5_estagios_PipeLine/CPU.vhd Line: 37
Warning (10036): Verilog HDL or VHDL warning at CPU.vhd(37): object "rs_add_idex" assigned a value but never read File: //wsl.localhost/Ubuntu-24.04/home/arnal/facul/5_estagios_PipeLine/CPU.vhd Line: 37
Warning (10036): Verilog HDL or VHDL warning at CPU.vhd(38): object "signal_ext_idex" assigned a value but never read File: //wsl.localhost/Ubuntu-24.04/home/arnal/facul/5_estagios_PipeLine/CPU.vhd Line: 38
Warning (10036): Verilog HDL or VHDL warning at CPU.vhd(56): object "imediato_memwb" assigned a value but never read File: //wsl.localhost/Ubuntu-24.04/home/arnal/facul/5_estagios_PipeLine/CPU.vhd Line: 56
Warning (10036): Verilog HDL or VHDL warning at CPU.vhd(68): object "reg_file_out" assigned a value but never read File: //wsl.localhost/Ubuntu-24.04/home/arnal/facul/5_estagios_PipeLine/CPU.vhd Line: 68
Warning (10540): VHDL Signal Declaration warning at CPU.vhd(69): used explicit default value for signal "reset_reg" because signal was never assigned a value File: //wsl.localhost/Ubuntu-24.04/home/arnal/facul/5_estagios_PipeLine/CPU.vhd Line: 69
Warning (10540): VHDL Signal Declaration warning at CPU.vhd(70): used explicit default value for signal "stall_in" because signal was never assigned a value File: //wsl.localhost/Ubuntu-24.04/home/arnal/facul/5_estagios_PipeLine/CPU.vhd Line: 70
Warning (10036): Verilog HDL or VHDL warning at CPU.vhd(71): object "opcode_out" assigned a value but never read File: //wsl.localhost/Ubuntu-24.04/home/arnal/facul/5_estagios_PipeLine/CPU.vhd Line: 71
Warning (10036): Verilog HDL or VHDL warning at CPU.vhd(84): object "reg_dst_wb" assigned a value but never read File: //wsl.localhost/Ubuntu-24.04/home/arnal/facul/5_estagios_PipeLine/CPU.vhd Line: 84
Warning (10036): Verilog HDL or VHDL warning at CPU.vhd(88): object "mem_read" assigned a value but never read File: //wsl.localhost/Ubuntu-24.04/home/arnal/facul/5_estagios_PipeLine/CPU.vhd Line: 88
Warning (10036): Verilog HDL or VHDL warning at CPU.vhd(89): object "mem_write" assigned a value but never read File: //wsl.localhost/Ubuntu-24.04/home/arnal/facul/5_estagios_PipeLine/CPU.vhd Line: 89
Warning (10036): Verilog HDL or VHDL warning at CPU.vhd(90): object "alu_src" assigned a value but never read File: //wsl.localhost/Ubuntu-24.04/home/arnal/facul/5_estagios_PipeLine/CPU.vhd Line: 90
Warning (10036): Verilog HDL or VHDL warning at CPU.vhd(91): object "reg_dst" assigned a value but never read File: //wsl.localhost/Ubuntu-24.04/home/arnal/facul/5_estagios_PipeLine/CPU.vhd Line: 91
Warning (10036): Verilog HDL or VHDL warning at CPU.vhd(92): object "branch" assigned a value but never read File: //wsl.localhost/Ubuntu-24.04/home/arnal/facul/5_estagios_PipeLine/CPU.vhd Line: 92
Error (10344): VHDL expression error at CPU.vhd(249): expression has 16 elements, but must have 18 elements File: //wsl.localhost/Ubuntu-24.04/home/arnal/facul/5_estagios_PipeLine/CPU.vhd Line: 249
Error (12153): Can't elaborate top-level user hierarchy
Error: Quartus Prime Analysis & Synthesis was unsuccessful. 2 errors, 19 warnings
    Error: Peak virtual memory: 4880 megabytes
    Error: Processing ended: Thu Nov 27 16:19:38 2025
    Error: Elapsed time: 00:00:12
    Error: Total CPU time (on all processors): 00:00:20


